MemTotal:       90247708 kB
MemFree:        45233988 kB
MemAvailable:   78959124 kB
Buffers:          278928 kB
Cached:         32965012 kB
SwapCached:       114144 kB
Active:         10105924 kB
Inactive:       32709668 kB
Active(anon):    7457688 kB
Inactive(anon):  1476180 kB
Active(file):    2648236 kB
Inactive(file): 31233488 kB
Unevictable:         172 kB
Mlocked:             168 kB
SwapTotal:       8388604 kB
SwapFree:        8062104 kB
Zswap:                 0 kB
Zswapped:              0 kB
Dirty:              3204 kB
Writeback:             0 kB
AnonPages:       9565352 kB
Mapped:          2465308 kB
Shmem:            862708 kB
KReclaimable:     768272 kB
Slab:            1252012 kB
SReclaimable:     768272 kB
SUnreclaim:       483740 kB
KernelStack:       40176 kB
PageTables:       115304 kB
SecPageTables:      3948 kB
NFS_Unstable:          0 kB
Bounce:                0 kB
WritebackTmp:          0 kB
CommitLimit:    53512456 kB
Committed_AS:   41348980 kB
VmallocTotal:   34359738367 kB
VmallocUsed:      134952 kB
VmallocChunk:          0 kB
Percpu:            27520 kB
HardwareCorrupted:     0 kB
AnonHugePages:     20480 kB
ShmemHugePages:        0 kB
ShmemPmdMapped:        0 kB
FileHugePages:    135168 kB
FilePmdMapped:         0 kB
CmaTotal:              0 kB
CmaFree:               0 kB
Unaccepted:            0 kB
Balloon:               0 kB
HugePages_Total:       0
HugePages_Free:        0
HugePages_Rsvd:        0
HugePages_Surp:        0
Hugepagesize:       2048 kB
Hugetlb:               0 kB
DirectMap4k:      667704 kB
DirectMap2M:    35661824 kB
DirectMap1G:    55574528 kB
