MemTotal:       31887708 kB
MemFree:         5526372 kB
MemAvailable:   14792464 kB
Buffers:          576612 kB
Cached:          9718516 kB
SwapCached:        33328 kB
Active:          6806056 kB
Inactive:       12521364 kB
Active(anon):    5801920 kB
Inactive(anon):  4970808 kB
Active(file):    1004136 kB
Inactive(file):  7550556 kB
Unevictable:       67328 kB
Mlocked:             224 kB
SwapTotal:       8388604 kB
SwapFree:        1120248 kB
Zswap:                 0 kB
Zswapped:              0 kB
Dirty:              3240 kB
Writeback:             0 kB
AnonPages:       9068244 kB
Mapped:          2460444 kB
Shmem:           1740792 kB
KReclaimable:    1178164 kB
Slab:            2189336 kB
SReclaimable:    1178164 kB
SUnreclaim:      1011172 kB
KernelStack:       41680 kB
PageTables:       151852 kB
SecPageTables:     14200 kB
NFS_Unstable:          0 kB
Bounce:                0 kB
WritebackTmp:          0 kB
CommitLimit:    24332456 kB
Committed_AS:   53556176 kB
VmallocTotal:   34359738367 kB
VmallocUsed:      346276 kB
VmallocChunk:          0 kB
Percpu:            21120 kB
HardwareCorrupted:     0 kB
AnonHugePages:         0 kB
ShmemHugePages:        0 kB
ShmemPmdMapped:        0 kB
FileHugePages:     49152 kB
FilePmdMapped:         0 kB
CmaTotal:              0 kB
CmaFree:               0 kB
Unaccepted:            0 kB
Balloon:               0 kB
HugePages_Total:       0
HugePages_Free:        0
HugePages_Rsvd:        0
HugePages_Surp:        0
Hugepagesize:       2048 kB
Hugetlb:               0 kB
DirectMap4k:    18393176 kB
DirectMap2M:    14708736 kB
DirectMap1G:     1048576 kB
